// Jest Snapshot v1, https://goo.gl/fbAQLP

exports[`HelloWorld.vue snapShot 1`] = `
<div><input type="text" maxlength="maxlength">
  <ul style="display: none;">
    <li>some value</li>
    <li style="display: none;">暂无历史记录</li>
  </ul>
</div>
`;
